// Jest Snapshot v1, https://goo.gl/fbAQLP

exports[`RecentPosts component should render correctly 1`] = `
<div>
  <div
    class="recent-posts"
  >
    <h2
      class="recent-posts-header"
    >
      Recent Posts
    </h2>
    <ul
      class="recent-post-list"
    >
      <li
        class="recent-post-item"
      >
        <a
          href="slug-mock"
        >
          title-mock
        </a>
      </li>
    </ul>
  </div>
</div>
`;
