// Jest Snapshot v1, https://goo.gl/fbAQLP

exports[`getNodeReleasesData should retrieve data from correct URL 1`] = `
Object {
  "apiAvailableVersions": Array [
    "v18",
  ],
  "nodeReleasesData": Array [
    Object {
      "codename": "v0.8",
      "endOfLife": "2014-07-31",
      "initialRelease": "2012-06-25",
      "isLts": false,
      "ltsStart": "",
      "maintenanceStart": "",
      "release": "v0.8",
      "status": "End-of-life",
      "version": "v0.8",
    },
    Object {
      "codename": "v0.10",
      "endOfLife": "9999-01-01",
      "initialRelease": "2013-03-11",
      "isLts": false,
      "ltsStart": "",
      "maintenanceStart": "",
      "release": "v0.10",
      "status": "Current",
      "version": "v0.10",
    },
    Object {
      "codename": "fermium",
      "endOfLife": "2023-04-30",
      "initialRelease": "2020-04-21",
      "isLts": false,
      "ltsStart": "2020-10-27",
      "maintenanceStart": "2021-10-19",
      "release": "v14.20.0",
      "status": "Maintenance LTS",
      "version": "v14",
    },
    Object {
      "codename": "gallium",
      "endOfLife": "2023-09-11",
      "initialRelease": "2021-04-20",
      "isLts": true,
      "ltsStart": "2021-10-26",
      "maintenanceStart": "2022-10-18",
      "release": "v16.17.0",
      "status": "Active LTS",
      "version": "v16",
    },
    Object {
      "codename": "v18",
      "endOfLife": "2025-04-30",
      "initialRelease": "2022-04-19",
      "isLts": false,
      "ltsStart": "2022-10-25",
      "maintenanceStart": "2023-10-18",
      "release": "v18.8.0",
      "status": "Current",
      "version": "v18",
    },
  ],
}
`;
