// Jest Snapshot v1, https://goo.gl/fbAQLP

exports[`getNodeReleasesData should retrieve data from correct URL 1`] = `"{"nodeReleasesData":[{"fullVersion":"v0.10","version":"v0.10","codename":"v0.10","isLts":false,"status":"Current","initialRelease":"2013-03-11","ltsStart":"","maintenanceStart":"","endOfLife":"9999-01-01"},{"fullVersion":"v0.8","version":"v0.8","codename":"v0.8","isLts":false,"status":"End-of-life","initialRelease":"2012-06-25","ltsStart":"","maintenanceStart":"","endOfLife":"2014-07-31"},{"fullVersion":"vv0.10","codename":"v0.10","isLts":false,"status":"Pending","initialRelease":"","ltsStart":"","maintenanceStart":"","endOfLife":""},{"fullVersion":"vv0.8","codename":"v0.8","isLts":false,"status":"Pending","initialRelease":"","ltsStart":"","maintenanceStart":"","endOfLife":""}],"apiAvailableVersions":["v16","v18","v19"]}"`;

