// Jest Snapshot v1, https://goo.gl/fbAQLP

exports[`TOC component render empty div without a table of contents 1`] = `
<div>
  <div />
</div>
`;

exports[`TOC component renders correctly 1`] = `
<div>
  <details
    class="tableOfContents"
  >
    <summary>
      <strong>
        Table of Contents
      </strong>
    </summary>
    <ul>
      <li>
        <a
          href="#mock-title"
        >
          mock-title
        </a>
      </li>
      <li>
        <a
          href="#mock-title-2"
        >
          mock-title-2
        </a>
      </li>
    </ul>
  </details>
</div>
`;
