// Jest Snapshot v1, https://goo.gl/fbAQLP

exports[`UpcomingReleases component renders correctly 1`] = `
<div>
  <div
    class="upcoming-releases"
  >
    <div
      class="react-tabs"
      data-tabs="true"
    >
      <ul
        class="react-tabs__tab-list"
        role="tablist"
      />
    </div>
  </div>
</div>
`;
