// Jest Snapshot v1, https://goo.gl/fbAQLP

exports[`ReleaseTable component renders correctly with data 1`] = `
<div
  className="overflow-horizontal-scroll"
>
  <table>
    <thead>
      <tr>
        <th>
          Version
        </th>
        <th>
          LTS
        </th>
        <th>
          Date
        </th>
        <th>
          V8
        </th>
        <th>
          NPM
        </th>
        <th>
          ABI
        </th>
        <th>
          SHASUM
        </th>
      </tr>
    </thead>
    <tbody>
      <tr>
        <td>
          v14.13.0
        </td>
        <td>
          
        </td>
        <td>
          2020-09-29
        </td>
        <td>
          8.4.371.19
        </td>
        <td>
          6.14.8
        </td>
        <td>
          ABI?
        </td>
        <td>
          <a
            href="https://github.com/nodejs/node/blob/master/doc/changelogs/CHANGELOG_V14.md#14.13.0"
          >
            Changelog
          </a>
        </td>
        <td>
          <a
            href="https://nodejs.org/download/release/v14.13.0/"
          >
            Download
          </a>
        </td>
      </tr>
      <tr>
        <td>
          v13.0.1
        </td>
        <td>
          
        </td>
        <td>
          2019-10-23
        </td>
        <td>
          7.8.279.17
        </td>
        <td>
          6.12.0
        </td>
        <td>
          ABI?
        </td>
        <td>
          <a
            href="https://github.com/nodejs/node/blob/master/doc/changelogs/CHANGELOG_V13.md#13.0.1"
          >
            Changelog
          </a>
        </td>
        <td>
          <a
            href="https://nodejs.org/download/release/v13.0.1/"
          >
            Download
          </a>
        </td>
      </tr>
    </tbody>
  </table>
</div>
`;
