// Jest Snapshot v1, https://goo.gl/fbAQLP

exports[`ReleaseTable component renders correctly with data 1`] = `
<div>
  <div
    class="overflow-horizontal-scroll"
  >
    <table>
      <thead>
        <tr>
          <th>
            Version
          </th>
          <th>
            LTS
          </th>
          <th>
            Date
          </th>
          <th>
            V8
          </th>
          <th>
            NPM
          </th>
          <th>
            ABI
          </th>
          <th>
            SHASUM
          </th>
        </tr>
      </thead>
      <tbody>
        <tr>
          <td>
            mock-version-1
          </td>
          <td />
          <td>
            mock-date
          </td>
          <td>
            mock-v8
          </td>
          <td>
            mock-npm
          </td>
          <td>
            ABI?
          </td>
          <td>
            <a
              href="https://github.com/nodejs/node/blob/master/doc/changelogs/CHANGELOG_Vock-version-1.md#ock-version-1"
            >
              Changelog
            </a>
          </td>
          <td>
            <a
              href="https://nodejs.org/download/release/mock-version-1/"
            >
              Download
            </a>
          </td>
        </tr>
        <tr>
          <td>
            mmock-version-2
          </td>
          <td />
          <td>
            mock-date
          </td>
          <td>
            mock-v8
          </td>
          <td>
            mock-npm
          </td>
          <td>
            ABI?
          </td>
          <td>
            <a
              href="https://github.com/nodejs/node/blob/master/doc/changelogs/CHANGELOG_Vmock-version-2.md#mock-version-2"
            >
              Changelog
            </a>
          </td>
          <td>
            <a
              href="https://nodejs.org/download/release/mmock-version-2/"
            >
              Download
            </a>
          </td>
        </tr>
      </tbody>
    </table>
  </div>
</div>
`;
