// Jest Snapshot v1, https://goo.gl/fbAQLP

exports[`DownloadToggle component renders correctly 1`] = `
<div>
  <div
    class="download-toogle"
  >
    <div
      class="download-toogle__selector"
    >
      <div
        class="download-toogle__switch"
      >
        <button
          aria-checked="true"
          aria-label="Show LTS versions"
          class="download-toogle__button -active"
          role="switch"
          type="button"
        >
          LTS
        </button>
        <button
          aria-checked="true"
          aria-label="Show LTS versions"
          class="download-toogle__button -current"
          role="switch"
          type="button"
        >
          Current
        </button>
      </div>
    </div>
    <p
      class="download-toogle__description"
    >
      Recommended for most users
    </p>
  </div>
</div>
`;
