// Jest Snapshot v1, https://goo.gl/fbAQLP

exports[`DownloadReleases component renders correctly 1`] = `
<div>
  <div
    class="download-releases"
  >
    <h2
      class="download-releases__title"
    >
      Upcoming Releases
    </h2>
    <div
      class="upcoming-releases"
    >
      <div
        class="react-tabs"
        data-tabs="true"
      >
        <ul
          class="react-tabs__tab-list"
          role="tablist"
        />
      </div>
    </div>
    <p
      class="lts__text"
    >
      Major Node.js versions enter Current release status for six months, which gives library authors time to add support for them. After six months, odd-numbered releases (9, 11, etc.) become unsupported, and even-numbered releases (10, 12, etc.) move to Active LTS status and are ready for general use. LTS release status is "long-term support", which typically guarantees that critical bugs will be fixed for a total of 30 months. Production applications should only use Active LTS or Maintenance LTS releases.
    </p>
    <div
      class="downloads-table-container"
    >
      <table
        class="downloads-table"
      >
        <thead>
          <tr>
            <th>
              Release
            </th>
            <th>
              Status
            </th>
            <th>
              Codename
            </th>
            <th>
              Initial Release
            </th>
            <th>
              Active LTS Start
            </th>
            <th>
              Maintainance LTS Start
            </th>
            <th>
              End of Life
            </th>
          </tr>
        </thead>
        <tbody>
          <tr>
            <td>
              v15
            </td>
            <td>
              Pending
            </td>
            <td />
            <td>
              2020-10-20
            </td>
            <td />
            <td>
              2021-04-01
            </td>
            <td>
              2021-06-01
            </td>
          </tr>
        </tbody>
      </table>
    </div>
  </div>
</div>
`;
