// Jest Snapshot v1, https://goo.gl/fbAQLP

exports[`DownloadTable component renders correctly 1`] = `
<table>
  <thead>
    <tr>
      <td>
        Release
      </td>
      <td>
        Status
      </td>
      <td>
        Codename
      </td>
      <td>
        Initial Release
      </td>
      <td>
        Active LTS Start
      </td>
      <td>
        Maintainance LTS Start
      </td>
      <td>
        End of Life
      </td>
    </tr>
  </thead>
  <tbody>
    <tr>
      <td>
        v15
      </td>
      <td>
        Pending
      </td>
      <td />
      <td>
        2020-10-20
      </td>
      <td>
        
      </td>
      <td>
        2021-04-01
      </td>
      <td>
        2021-06-01
      </td>
    </tr>
  </tbody>
</table>
`;
