// Jest Snapshot v1, https://goo.gl/fbAQLP

exports[`404 page renders correctly 1`] = `
<Layout
  description="You have hit a route that does not exist."
  title="PAGE NOT FOUND"
>
  <Hero
    title="PAGE NOT FOUND"
  />
  <article
    className="article-reader"
    style={
      Object {
        "width": "100%",
      }
    }
  >
    <p>
      The page you're trying to access does not exist. Go back to the Homepage or find what you're looking for in the menu.
    </p>
    <p>
      Take me back to the
      <a
        href="/"
      >
        Homepage
      </a>
    </p>
  </article>
</Layout>
`;
