// Jest Snapshot v1, https://goo.gl/fbAQLP

exports[`DownloadTable component renders correctly 1`] = `
<div>
  <div
    class="downloadTableContainer"
  >
    <table>
      <thead>
        <tr>
          <th>
            Release
          </th>
          <th>
            Status
          </th>
          <th>
            Codename
          </th>
          <th>
            Initial Release
          </th>
          <th>
            Active LTS Start
          </th>
          <th>
            Maintenance LTS Start
          </th>
          <th>
            End of Life
          </th>
        </tr>
      </thead>
      <tbody>
        <tr>
          <td>
            15
          </td>
          <td>
            Pending
          </td>
          <td>
            <a
              href="https://nodejs.org/download/release/latest-/"
            />
          </td>
          <td>
            Tue Oct 20 2020
          </td>
          <td />
          <td>
            Thu Apr 01 2021
          </td>
          <td>
            Tue Jun 01 2021
          </td>
        </tr>
      </tbody>
    </table>
  </div>
</div>
`;
