// Jest Snapshot v1, https://goo.gl/fbAQLP

exports[`Hero component renders correctly 1`] = `
<div
  className="home-page-hero"
>
  <h1>
    Introduction to Node.js
  </h1>
  <h2
    className="sub-title t-subheading"
  />
  <div
    className="btn-ctas"
  >
    <div
      className="download-lts-container"
    >
      <a
        href="https://nodejs.org/dist//node-.tar.gz"
      >
        <button
          className="download-lts-cta t-body1"
          type="button"
        >
          Download Node (LTS)
        </button>
      </a>
      <p
        className="links t-caption"
      >
        
        <a
          href="https://nodejs.org/dist//node-.tar.gz"
        >
          Get Current
        </a>
      </p>
    </div>
    <a
      href="/learn"
    >
      <button
        className="learn-cta t-body1"
        type="button"
      >
        Learn Node
      </button>
    </a>
  </div>
</div>
`;
