// Jest Snapshot v1, https://goo.gl/fbAQLP

exports[`Tests for Header component renders correctly 1`] = `
<div>
  <div
    class="banner"
  >
    <p>
      <a
        href="https://nodejs.org/en/blog/vulnerability/july-2021-security-releases/"
      >
        <button
          class="bannerButton"
          type="button"
        >
          Blog post
        </button>
      </a>
      New security releases to be made available July 1st, 2021
    </p>
  </div>
</div>
`;
