// Jest Snapshot v1, https://goo.gl/fbAQLP

exports[`Tests for InstallTabs component renders correctly 1`] = `
<div
  className="react-tabs"
  data-tabs={true}
  onClick={[Function]}
  onKeyDown={[Function]}
>
  <div
    className="install__header"
  >
    <div
      className="install__header-circles"
    >
      <div
        className="install__header-grey-circle"
      />
      <div
        className="install__header-grey-circle"
      />
      <div
        className="install__header-grey-circle"
      />
    </div>
    <div
      className="install__header-text"
    >
      bash
    </div>
  </div>
  <ul
    className="react-tabs__tab-list"
    role="tablist"
  >
    <li
      aria-controls="react-tabs-1"
      aria-disabled="false"
      aria-selected="true"
      className="react-tabs__tab react-tabs__tab--selected"
      id="react-tabs-0"
      role="tab"
      tabIndex="0"
    >
      Chocolatey (Windows)
    </li>
    <li
      aria-controls="react-tabs-3"
      aria-disabled="false"
      aria-selected="false"
      className="react-tabs__tab"
      id="react-tabs-2"
      role="tab"
      tabIndex={null}
    >
      nvm (macOS)
    </li>
    <li
      aria-controls="react-tabs-5"
      aria-disabled="false"
      aria-selected="false"
      className="react-tabs__tab"
      id="react-tabs-4"
      role="tab"
      tabIndex={null}
    >
      nvm (Linux)
    </li>
  </ul>
  <div
    aria-labelledby="react-tabs-0"
    className="react-tabs__tab-panel react-tabs__tab-panel--selected"
    id="react-tabs-1"
    role="tabpanel"
  >
    <div>
      <pre
        className="shell-box"
      >
        <div
          className="shell-box-top"
        >
          <span>
            SHELL
          </span>
          <button
            onClick={[Function]}
            type="button"
          >
            copy
          </button>
        </div>
        <code>
          <span
            className="install__text__no-select"
          >
            $
          </span>
          <span
            className="install__text__command"
          >
            choco 
          </span>
          install nodejs-lts
        </code>
      </pre>
      <br />
      <br />
      <button
        className="install__docs-button"
        type="button"
      >
        <a
          className="install__docs-button-text"
          href="https://nodejs.org/en/download/package-manager/#windows"
          rel="noopener noreferrer"
          target="_blank"
        >
          Read documentation
        </a>
      </button>
    </div>
  </div>
  <div
    aria-labelledby="react-tabs-2"
    className="react-tabs__tab-panel"
    id="react-tabs-3"
    role="tabpanel"
  />
  <div
    aria-labelledby="react-tabs-4"
    className="react-tabs__tab-panel"
    id="react-tabs-5"
    role="tabpanel"
  />
</div>
`;
