// Jest Snapshot v1, https://goo.gl/fbAQLP

exports[`Tests for InstallTabs component renders correctly 1`] = `
<div>
  <div
    class="install"
  >
    <div
      class="react-tabs"
      data-tabs="true"
    >
      <div
        class="install__header"
      >
        <div
          class="install__header-circles"
        >
          <div
            class="install__header-grey-circle"
          />
          <div
            class="install__header-grey-circle"
          />
          <div
            class="install__header-grey-circle"
          />
        </div>
        <div
          class="install__header-text"
        >
          bash
        </div>
      </div>
      <ul
        class="react-tabs__tab-list"
        role="tablist"
      >
        <li
          aria-controls="react-tabs-1"
          aria-disabled="false"
          aria-selected="true"
          class="react-tabs__tab react-tabs__tab--selected"
          id="react-tabs-0"
          role="tab"
          tabindex="0"
        >
          Windows (Chocolatey)
        </li>
        <li
          aria-controls="react-tabs-3"
          aria-disabled="false"
          aria-selected="false"
          class="react-tabs__tab"
          id="react-tabs-2"
          role="tab"
        >
          macOS (nvm)
        </li>
        <li
          aria-controls="react-tabs-5"
          aria-disabled="false"
          aria-selected="false"
          class="react-tabs__tab"
          id="react-tabs-4"
          role="tab"
        >
          Linux (nvm)
        </li>
      </ul>
      <div
        aria-labelledby="react-tabs-0"
        class="react-tabs__tab-panel react-tabs__tab-panel--selected"
        id="react-tabs-1"
        role="tabpanel"
      >
        <div>
          <pre
            class="shell-box"
          >
            <div
              class="shell-box-top"
            >
              <span>
                SHELL
              </span>
              <button
                type="button"
              >
                copy
              </button>
            </div>
            <code>
              <span
                class="install__text__no-select"
              >
                $
              </span>
              <span
                class="install__text__command"
              >
                choco 
              </span>
              install nodejs-lts
            </code>
          </pre>
          <br />
          <br />
          <a
            class="install__docs-button"
            href="https://nodejs.org/en/download/package-manager/#windows"
            rel="noopener noreferrer"
            target="_blank"
          >
            Read documentation
          </a>
        </div>
      </div>
      <div
        aria-labelledby="react-tabs-2"
        class="react-tabs__tab-panel"
        id="react-tabs-3"
        role="tabpanel"
      />
      <div
        aria-labelledby="react-tabs-4"
        class="react-tabs__tab-panel"
        id="react-tabs-5"
        role="tabpanel"
      />
    </div>
  </div>
</div>
`;
