// Jest Snapshot v1, https://goo.gl/fbAQLP

exports[`Tests for MacOSPanel component renders correctly 1`] = `
<div>
  <pre
    className="shell-box"
  >
    <div
      className="shell-box-top"
    >
      <span>
        SHELL
      </span>
      <button
        onClick={[Function]}
        type="button"
      >
        copy
      </button>
    </div>
    <code>
      <span
        className="install__text__no-select"
      >
        $
      </span>
      <span
        className="install__text__command"
      >
        curl -o- 
      </span>
      https://raw.githubusercontent.com/nvm-sh/nvm/v0.35.3/install.sh
      <span
        className="install__text__command"
      >
         | bash 
      </span>
    </code>
  </pre>
  <pre
    className="shell-box"
  >
    <div
      className="shell-box-top"
    >
      <span>
        SHELL
      </span>
      <button
        onClick={[Function]}
        type="button"
      >
        copy
      </button>
    </div>
    <code>
      <span
        className="install__text__no-select"
      >
        $
      </span>
      <span
        className="install__text__command"
      >
        nvm 
      </span>
      install --lts
    </code>
  </pre>
  <br />
  <br />
  <a
    className="install__docs-button"
    href="https://nodejs.org/en/download/package-manager/#nvm"
    rel="noopener noreferrer"
    target="_blank"
  >
    Read documentation
  </a>
</div>
`;
