// Jest Snapshot v1, https://goo.gl/fbAQLP

exports[`AboutPageSideNavBar renders correctly 1`] = `
<div>
  <nav
    class="side-nav-about"
  >
    <button
      class="side-nav__open"
      type="button"
    >
      Menu
    </button>
    <ul
      class="community-nav__list"
    >
      <a
        class="t-body2 side-nav__item-community"
        href="/"
        id="link-"
      >
        About
      </a>
      <a
        class="t-body2 side-nav__item-community"
        href="/governance"
        id="link-governance"
      >
        Project Governance
      </a>
      <a
        class="t-body2 side-nav__item-community"
        href="/community"
        id="link-community"
      >
        Community
      </a>
      <a
        class="t-body2 side-nav__item-community"
        href="/working-groups"
        id="link-working-groups"
      >
        Working Groups
      </a>
      <a
        class="t-body2 side-nav__item-community"
        href="/releases"
        id="link-releases"
      >
        Releases
      </a>
      <a
        class="t-body2 side-nav__item-community"
        href="/resources"
        id="link-resources"
      >
        Resources
      </a>
      <a
        class="t-body2 side-nav__item-community side-nav__item-community--active"
        href="/trademark"
        id="link-trademark"
      >
        Trademark Policy
      </a>
      <a
        class="t-body2 side-nav__item-community"
        href="/privacy"
        id="link-privacy"
      >
        Privacy Policy
      </a>
      <a
        class="t-body2 side-nav__item-community"
        href="/security"
        id="link-security"
      >
        Security Reporting
      </a>
    </ul>
  </nav>
</div>
`;

exports[`AboutPageSideNavBar should about Releases page exist and contain a href to \`~/release\` 1`] = `
<div>
  <nav
    class="side-nav-about"
  >
    <button
      class="side-nav__open"
      type="button"
    >
      Menu
    </button>
    <ul
      class="community-nav__list"
    >
      <a
        class="t-body2 side-nav__item-community"
        href="/"
        id="link-"
      >
        About
      </a>
      <a
        class="t-body2 side-nav__item-community"
        href="/governance"
        id="link-governance"
      >
        Project Governance
      </a>
      <a
        class="t-body2 side-nav__item-community"
        href="/community"
        id="link-community"
      >
        Community
      </a>
      <a
        class="t-body2 side-nav__item-community"
        href="/working-groups"
        id="link-working-groups"
      >
        Working Groups
      </a>
      <a
        class="t-body2 side-nav__item-community side-nav__item-community--active"
        href="/releases"
        id="link-releases"
      >
        Releases
      </a>
      <a
        class="t-body2 side-nav__item-community"
        href="/resources"
        id="link-resources"
      >
        Resources
      </a>
      <a
        class="t-body2 side-nav__item-community"
        href="/trademark"
        id="link-trademark"
      >
        Trademark Policy
      </a>
      <a
        class="t-body2 side-nav__item-community"
        href="/privacy"
        id="link-privacy"
      >
        Privacy Policy
      </a>
      <a
        class="t-body2 side-nav__item-community"
        href="/security"
        id="link-security"
      >
        Security Reporting
      </a>
    </ul>
  </nav>
</div>
`;
