// Jest Snapshot v1, https://goo.gl/fbAQLP

exports[`Article component renders correctly 1`] = `
<article
  className="article-reader"
>
  <h1
    className="article-reader__headline"
  >
    test-title
  </h1>
  <TOC
    heading="TABLE OF CONTENTS"
    tableOfContents="<ul>
<li><a href=\\"/introduction-to-nodejs/#a-vast-number-of-libraries\\">A Vast Number of Libraries</a></li>
<li><a href=\\"/introduction-to-nodejs/#an-example-nodejs-application\\">An Example Node.js Application</a></li>
<li><a href=\\"/introduction-to-nodejs/#nodejs-frameworks-and-tools\\">Node.js Frameworks and Tools</a></li>
</ul>"
  />
  <div
    dangerouslySetInnerHTML={
      Object {
        "__html": "<span>Test html</span>",
      }
    }
  />
  <AuthorsList
    authors={
      Array [
        "test-user1",
        "test-user2",
      ]
    }
  />
  <EditLink
    relativePath="test-path"
  />
  <Pagination
    next={
      Object {
        "slug": "test-slug",
        "title": "test-title",
      }
    }
    previous={
      Object {
        "slug": "test-slug",
        "title": "test-title",
      }
    }
  />
</article>
`;
