// Jest Snapshot v1, https://goo.gl/fbAQLP

exports[`AuthorsList component renders correctly 1`] = `
<div
  css={
    Object {
      "map": undefined,
      "name": "1ypxlbi",
      "next": undefined,
      "styles": "
  display: flex;
  flex-wrap: wrap;
  margin: 5rem 0;
  align-items: center;
  color: var(--gray7);
  text-transform: uppercase;

  span {
    margin: 0.5rem;
  }
",
    }
  }
>
  <span>
    Contributors
  </span>
  <a
    css={
      Object {
        "map": undefined,
        "name": "tubh1u",
        "next": undefined,
        "styles": "
  margin-left: 0.5rem;
",
      }
    }
    href="https://github.com/test-author"
    rel="noopener noreferrer"
    target="_blank"
    title="test-author"
  >
    <img
      alt="test-author"
      className="author-img"
      css={
        Object {
          "map": undefined,
          "name": "nm77gf",
          "next": undefined,
          "styles": "
  height: 30px;
  width: 30px;
  margin-top: 5px;
  border-radius: 100%;
  border: 1px solid var(--brand-light);
",
        }
      }
      src="https://github.com/test-author.png?size=60"
    />
  </a>
  <a
    css={
      Object {
        "map": undefined,
        "name": "tubh1u",
        "next": undefined,
        "styles": "
  margin-left: 0.5rem;
",
      }
    }
    href="https://github.com/another-test-author"
    rel="noopener noreferrer"
    target="_blank"
    title="another-test-author"
  >
    <img
      alt="another-test-author"
      className="author-img"
      css={
        Object {
          "map": undefined,
          "name": "nm77gf",
          "next": undefined,
          "styles": "
  height: 30px;
  width: 30px;
  margin-top: 5px;
  border-radius: 100%;
  border: 1px solid var(--brand-light);
",
        }
      }
      src="https://github.com/another-test-author.png?size=60"
    />
  </a>
</div>
`;
