// Jest Snapshot v1, https://goo.gl/fbAQLP

exports[`AuthorsList component renders correctly 1`] = `
<ul
  css={
    Object {
      "map": undefined,
      "name": "ekkwel",
      "next": undefined,
      "styles": "
  display: flex;
  flex-wrap: wrap;
  margin: 5rem 0 2.5rem;
  align-items: center;
  color: var(--black7);
  text-transform: uppercase;
  padding-left: 0;

  li:first-child a {
    margin-left: 0 !important;
  }

  h5 {
    display: flex;
    flex-wrap: wrap;
    width: 100%;
    margin: 0.5rem 0.5rem 0.5rem 0;
    font-weight: normal;
    font-size: 1.4rem;
  }
",
    }
  }
>
  <h5>
    Contributors
  </h5>
  <li
    css={
      Object {
        "map": undefined,
        "name": "66iazq",
        "next": undefined,
        "styles": "
  list-style: none;
",
      }
    }
  >
    <a
      css={
        Object {
          "map": undefined,
          "name": "1uax1e8",
          "next": undefined,
          "styles": "
  margin-left: 0.5rem;

  &:hover img {
    transform: scale(1.1);
  }
",
        }
      }
      href="https://github.com/test-author"
      rel="noopener noreferrer"
      style={
        Object {
          "marginLeft": 0,
        }
      }
      target="_blank"
      title="test-author"
    >
      <img
        alt="test-author"
        className="author-img"
        css={
          Object {
            "map": undefined,
            "name": "bq2cf",
            "next": undefined,
            "styles": "
  height: 30px;
  width: 30px;
  margin-top: 5px;
  border-radius: 100%;
  border: 1px solid var(--brand-light);
  transition: all 0.2s ease-in-out;
",
          }
        }
        src="https://github.com/test-author.png?size=60"
      />
    </a>
  </li>
  <li
    css={
      Object {
        "map": undefined,
        "name": "66iazq",
        "next": undefined,
        "styles": "
  list-style: none;
",
      }
    }
  >
    <a
      css={
        Object {
          "map": undefined,
          "name": "1uax1e8",
          "next": undefined,
          "styles": "
  margin-left: 0.5rem;

  &:hover img {
    transform: scale(1.1);
  }
",
        }
      }
      href="https://github.com/another-test-author"
      rel="noopener noreferrer"
      style={Object {}}
      target="_blank"
      title="another-test-author"
    >
      <img
        alt="another-test-author"
        className="author-img"
        css={
          Object {
            "map": undefined,
            "name": "bq2cf",
            "next": undefined,
            "styles": "
  height: 30px;
  width: 30px;
  margin-top: 5px;
  border-radius: 100%;
  border: 1px solid var(--brand-light);
  transition: all 0.2s ease-in-out;
",
          }
        }
        src="https://github.com/another-test-author.png?size=60"
      />
    </a>
  </li>
</ul>
`;
