// Jest Snapshot v1, https://goo.gl/fbAQLP

exports[`Author component renders correctly 1`] = `
<li
  css={
    Object {
      "map": undefined,
      "name": "b1uihh",
      "next": undefined,
      "styles": "
  list-style: none;

  & :first-of-type a {
    margin-left: 0rem;
  }
",
    }
  }
>
  <a
    css={
      Object {
        "map": undefined,
        "name": "1uax1e8",
        "next": undefined,
        "styles": "
  margin-left: 0.5rem;

  &:hover img {
    transform: scale(1.1);
  }
",
      }
    }
    href="https://github.com/test-author"
    rel="noopener noreferrer"
    target="_blank"
    title="test-author"
  >
    <img
      alt="test-author"
      className="author-img"
      css={
        Object {
          "map": undefined,
          "name": "bq2cf",
          "next": undefined,
          "styles": "
  height: 30px;
  width: 30px;
  margin-top: 5px;
  border-radius: 100%;
  border: 1px solid var(--brand-light);
  transition: all 0.2s ease-in-out;
",
        }
      }
      src="https://github.com/test-author.png?size=60"
    />
  </a>
</li>
`;
