// Jest Snapshot v1, https://goo.gl/fbAQLP

exports[`Tests for Header component renders correctly 1`] = `
<div
  css={
    Object {
      "map": undefined,
      "name": "1g9ii1p",
      "next": undefined,
      "styles": "
  position: relative;
  font-weight: bold;
  background-color: var(--black3);
  font-size: var(--font-size-display2);
  color: var(--color-text-primary);
  border-radius: 5px;
  text-align: center;
  padding-top: 5px;
",
    }
  }
>
  <p
    css={
      Object {
        "paddingBottom": "var(--space-08)",
        "paddingTop": "var(--space-08)",
      }
    }
  >
    <button
      css={
        Object {
          "map": undefined,
          "name": "ihpspq",
          "next": undefined,
          "styles": "
  border-radius: 5.6rem;
  background: var(--purple5);
  color: var(--color-fill-top-nav);
  margin-right: var(--space-32);
  position: relative;
",
        }
      }
      type="button"
    >
      <a
        css={
          Object {
            "map": undefined,
            "name": "10el6nn",
            "next": undefined,
            "styles": "
  color: var(--color-fill-top-nav);
  line-height: var(--line-height-subheading);
  text-decoration: none;
  font-family: var(--sans);
  font-style: normal;
  font-weight var(--font-weight-semibold);
",
          }
        }
        href="https://nodejs.org/en/blog/vulnerability/february-2020-security-releases/"
      >
        Blog post
      </a>
    </button>
    New security releases now available for all release lines
  </p>
</div>
`;
