// Jest Snapshot v1, https://goo.gl/fbAQLP

exports[`Tests for Header component renders correctly 1`] = `
<nav
  className="nav"
>
  <ul
    style={
      Object {
        "alignItems": "center",
        "display": "flex",
        "listStyle": "none",
        "margin": "0 auto",
        "padding": "0 4.8rem",
      }
    }
  >
    <li>
      <a
        href="/"
        style={
          Object {
            "display": "block",
          }
        }
      >
        <img
          alt="Node.js"
          className="nav__logo"
          src="test-file-stub"
        />
      </a>
    </li>
    <li
      className="nav__tabs"
    >
      <a
        href="https://nodejs.org/en/docs/"
        target="_blank"
      >
        API Docs
      </a>
    </li>
    <li
      className="nav__tabs"
    >
      <a
        href="https://github.com/nodejs/nodejs.dev"
        target="_blank"
      >
        GitHub
      </a>
    </li>
  </ul>
</nav>
`;
