// Jest Snapshot v1, https://goo.gl/fbAQLP

exports[`Hero component renders correctly 1`] = `
<div
  className="hero"
>
  <h1>
    Introduction to Node.js
  </h1>
  <div
    className="diagonal-hero-bg"
  >
    <div
      className="stars"
    >
      <div
        className="small"
      />
      <div
        className="medium"
      />
      <div
        className="big"
      />
    </div>
  </div>
</div>
`;
