// Jest Snapshot v1, https://goo.gl/fbAQLP

exports[`Author component renders correctly 1`] = `
<li
  className="list"
>
  <a
    className="link"
    href="https://github.com/test-author"
    rel="noopener noreferrer"
    style={Object {}}
    target="_blank"
    title="test-author"
  >
    <img
      alt="test-author"
      className="img"
      src="https://github.com/test-author.png?size=60"
    />
  </a>
</li>
`;
