// Jest Snapshot v1, https://goo.gl/fbAQLP

exports[`NavigationSection component renders correctly 1`] = `
<div>
  <div
    class="navigationSection"
  >
    <div
      class="t-body2 navigationSectionTitle"
      role="menuitem"
      tabindex="0"
    >
      Introduction
      <i
        class="material-icons"
      >
        arrow_drop_up
      </i>
    </div>
    <div
      style="display: none;"
    >
      <a
        class="t-body2 navigationItem"
        href="/learn/intro/"
        id="link-intro"
      >
        Section 1
      </a>
    </div>
  </div>
</div>
`;
