// Jest Snapshot v1, https://goo.gl/fbAQLP

exports[`NavigationSection component renders correctly 1`] = `
<ul
  className="side-nav__list"
>
  <h2
    className="t-body2 side-nav__title"
  >
    <i
      className="material-icons"
    >
      offline_bolt
    </i>
    Introduction
  </h2>
  <a
    className="t-body2 side-nav__item "
    href="/learn/intro"
    innerRef={[Function]}
    onClick={[Function]}
  >
    Section 1
  </a>
</ul>
`;
