// Jest Snapshot v1, https://goo.gl/fbAQLP

exports[`NavigationSection component renders correctly 1`] = `
<div>
  <ul
    class="side-nav__list"
  >
    <div
      class="t-body2 side-nav__item side-nav__item--title"
      role="menuitem"
      tabindex="0"
    >
      Introduction
      <i
        class="material-icons"
      >
        arrow_drop_up
      </i>
    </div>
    <div
      style="display: none;"
    >
      <li>
        <a
          class="t-body2 side-nav__item"
          href="/learn/intro"
          id="link-intro"
        >
          Section 1
        </a>
      </li>
    </div>
  </ul>
</div>
`;
