// Jest Snapshot v1, https://goo.gl/fbAQLP

exports[`DownloadCards component renders correctly 1`] = `
<div>
  <div
    class="download-cards-wrapper"
    data-rttabs="true"
    tabindex="-1"
  >
    <ul
      class="download-cards"
      role="tablist"
    >
      <li
        aria-controls="panelnull"
        aria-disabled="false"
        aria-selected="false"
        class="download-card download-card--active"
        data-rttab="true"
        id="tabnull"
        role="tab"
        tabindex="0"
      >
        <div
          class="download-card__top"
        >
          <svg
            class="download-card__image"
          />
          <a
            class="download-card__link"
            href="https://nodejs.org/dist/undefined/node-undefined-x86.msi"
          >
            <i
              class="material-icons"
            >
              get_app
            </i>
          </a>
        </div>
        <p
          class="download-card__label"
        >
          Windows Installer
        </p>
        <p
          class="download-card__filename"
        >
          node-undefined-x86.msi
        </p>
      </li>
      <li
        aria-controls="panelnull"
        aria-disabled="false"
        aria-selected="false"
        class="download-card"
        data-rttab="true"
        id="tabnull"
        role="tab"
        tabindex="0"
      >
        <div
          class="download-card__top"
        >
          <svg
            class="download-card__image"
          />
        </div>
        <p
          class="download-card__label"
        >
          MAC Installer
        </p>
        <p
          class="download-card__filename"
        >
          node-undefined.pkg
        </p>
      </li>
      <li
        aria-controls="panelnull"
        aria-disabled="false"
        aria-selected="false"
        class="download-card"
        data-rttab="true"
        id="tabnull"
        role="tab"
        tabindex="0"
      >
        <div
          class="download-card__top"
        >
          <svg
            class="download-card__image"
          />
        </div>
        <p
          class="download-card__label"
        >
          Source Code
        </p>
        <p
          class="download-card__filename"
        >
          node-undefined.tar.gz
        </p>
      </li>
    </ul>
  </div>
</div>
`;
