// Jest Snapshot v1, https://goo.gl/fbAQLP

exports[`LearnLayout Template renders correctly 1`] = `
<div>
  <div
    class="layout-container"
  >
    <nav
      aria-label="Primary"
      class="nav"
    >
      <div
        class="nav__container"
      >
        <div
          class="nav__startwrapper"
        >
          <a
            href="/"
          >
            <div
              class="logo"
            >
              <svg
                class="nav__logo light-mode-only"
              />
              <svg
                class="nav__logo dark-mode-only"
              />
            </div>
          </a>
        </div>
        <ul
          class="nav__tabs__container"
        >
          <li
            class="nav__tabs"
          >
            <a
              class="activeStyleTab"
              href="/learn"
            >
              Learn
            </a>
          </li>
          <li
            class="nav__tabs"
          >
            <a
              class="activeStyleTab"
              href="https://nodejs.org/en/docs/"
              rel="noopener noreferrer"
              target="_blank"
            >
              Documentation
            </a>
          </li>
          <li
            class="nav__tabs"
          >
            <a
              class="activeStyleTab"
              href="/download"
            >
              Download
            </a>
          </li>
          <li
            class="nav__tabs"
          >
            <a
              class="activeStyleTab"
              href="/community"
            >
              Community
            </a>
          </li>
        </ul>
        <div
          class="nav__endwrapper"
        >
          <ul
            class="right-container"
          >
            <li
              class="nav__tabs"
            />
            <li
              class="nav__tabs nav__tabs--right"
            >
              <button
                class="dark-mode-toggle"
                type="button"
              >
                <span
                  class="sr-only"
                >
                  Toggle Dark Mode
                </span>
                <i
                  class="material-icons light-mode-only theme-buttons"
                >
                  nights_stay
                </i>
                <i
                  class="material-icons dark-mode-only theme-buttons"
                >
                  wb_sunny
                </i>
              </button>
            </li>
            <li
              class="nav__tabs"
            >
              <a
                href="https://github.com/nodejs/nodejs.dev"
                rel="noopener noreferrer"
                target="_blank"
              >
                <span
                  class="sr-only"
                >
                  GitHub
                </span>
                <svg
                  fill="var(--color-text-accent)"
                  style="margin-bottom: -3px;"
                />
              </a>
            </li>
          </ul>
        </div>
      </div>
    </nav>
    <main
      class="grid-container blog-container"
    >
      <div
        class="recent-posts"
      >
        <h2
          class="recent-posts-header"
        >
          Recent Posts
        </h2>
        <ul
          class="recent-post-list"
        >
          <li
            class="recent-post-item"
          >
            <a
              href="slug-mock"
            >
              title-mock
            </a>
          </li>
        </ul>
      </div>
      <article
        class="article-reader"
      >
        <h1
          class="article-reader__headline"
        >
          t,itle-mock
        </h1>
        <h5
          class="list"
        >
          date-mock
           by
           
          <span>
            <a
              href="url-mock"
              rel="noopener noreferrer"
              target="_blank"
            >
              name-mock
            </a>
            
          </span>
        </h5>
        <div>
          <p>
            Node.js can be installed in different ways. This post highlights the most common and convenient ones.
          </p>
          <p>
            Official packages for all the major platforms are available at 
            <a
              href="https://nodejs.dev/download/"
            >
              https://nodejs.dev/download/
            </a>
            .
          </p>
          <p>
            One very convenient way to install Node.js is through a package manager. In this case, every operating system has its own.
          </p>
          <p>
            Other package managers for MacOS, Linux, and Windows are listed in 
            <a
              href="https://nodejs.dev/download/package-manager/"
            >
              https://nodejs.dev/download/package-manager/
            </a>
          </p>
          <p>
            <code
              class="language-text"
            >
              nvm
            </code>
             is a popular way to run Node.js. It allows you to easily switch the Node.js version, and install new versions to try and easily rollback if something breaks, for example.
          </p>
          <p>
            It is also very useful to test your code with old Node.js versions.
          </p>
          <p>
            See 
            <a
              href="https://github.com/nvm-sh/nvm"
            >
              https://github.com/nvm-sh/nvm
            </a>
             for more information about this option.
          </p>
          <p>
            In any case, when Node.js is installed you'll have access to the 
            <code
              class="language-text"
            >
              node
            </code>
             executable program in the command line.
          </p>
        </div>
      </article>
    </main>
  </div>
  <section
    class="bottom-info"
  >
    <div
      class="random-contributor"
    />
  </section>
  <footer
    class="footer"
  >
    <ul
      class="footer__left"
    >
      <li>
        <a
          class="footer__link"
          href="/trademark"
        >
          Trademark Policy
        </a>
      </li>
      <li>
        <a
          class="footer__link"
          href="/privacy"
        >
          Privacy Policy
        </a>
      </li>
      <li>
        <a
          class="footer__link"
          href="https://github.com/openjs-foundation/cross-project-council/blob/main/CODE_OF_CONDUCT.md#contributor-covenant-code-of-conduct"
        >
          Code of Conduct
        </a>
      </li>
      <li>
        <a
          class="footer__link"
          href="/security"
        >
          Security Reporting
        </a>
      </li>
      <li>
        <a
          class="footer__link"
          href="/about"
        >
          About
        </a>
      </li>
      <li>
        <a
          class="footer__link"
          href="https://nodejs.org/en/blog/"
        >
          Blog
        </a>
      </li>
    </ul>
    <ul
      class="footer__right"
    >
      <li>
        © OpenJS Foundation
      </li>
      <li>
        <a
          aria-label="Node.js Github Page Link"
          href="https://github.com/nodejs/node"
          rel="noopener noreferrer"
          target="_blank"
        >
          <span
            class="sr-only"
          >
            GitHub
          </span>
          <svg
            fill="var(--color-text-secondary)"
          />
        </a>
      </li>
      <li>
        <a
          aria-label="Node.js Twitter Link"
          href="https://twitter.com/nodejs"
          rel="noopener noreferrer"
          target="_blank"
        >
          <svg
            fill="var(--color-text-secondary)"
          />
        </a>
      </li>
      <li>
        <a
          aria-label="Node.js Slack Link"
          href="https://slack.openjsf.org"
          rel="noopener noreferrer"
          target="_blank"
        >
          <svg
            fill="var(--color-text-secondary)"
          />
        </a>
      </li>
    </ul>
  </footer>
</div>
`;
