// Jest Snapshot v1, https://goo.gl/fbAQLP

exports[`Navigation component renders correctly 1`] = `
<div>
  <nav
    aria-label=""
    class="side-nav"
  >
    <button
      class="side-nav__open"
      type="button"
    >
      Menu
    </button>
    <ul
      class="side-nav__list"
    >
      <div
        class="t-body2 side-nav__item side-nav__item--title"
        role="menuitem"
        tabindex="0"
      >
        Getting Started
        <i
          class="material-icons"
        >
          arrow_drop_down
        </i>
      </div>
      <div
        style="display: block;"
      >
        <a
          class="t-body2 side-nav__item side-nav__item--active"
          href="/learn/intro"
          id="link-intro"
        >
          Section 1
        </a>
      </div>
    </ul>
  </nav>
</div>
`;
