// Jest Snapshot v1, https://goo.gl/fbAQLP

exports[`Navigation component renders correctly 1`] = `
<div>
  <nav
    aria-label=""
    class="sideNav"
  >
    <button
      class="sideNavOpen"
      type="button"
    >
      Menu
    </button>
    <div
      class="sideNavList"
    >
      <div
        class="t-body2 sideNavListItem sideNavListItemTitle"
        role="menuitem"
        tabindex="0"
      >
        Getting Started
        <i
          class="material-icons"
        >
          arrow_drop_down
        </i>
      </div>
      <div
        style="display: block;"
      >
        <a
          aria-current="page"
          class="t-body2 sideNavListItem sideNavListItemActive"
          href="/learn/intro/"
          id="link-intro"
        >
          Section 1
        </a>
      </div>
    </div>
  </nav>
</div>
`;
