// Jest Snapshot v1, https://goo.gl/fbAQLP

exports[`ApiComponents Components renders ApiLink component correctly 1`] = `
<div>
  <a>
    <br />
  </a>
</div>
`;

exports[`ApiComponents Components renders H3 component correctly 1`] = `
<div>
  <h3
    id="<Tag tag="C" />"
  />
</div>
`;

exports[`ApiComponents Components renders H4 component correctly 1`] = `
<div>
  <h4
    id="<DataTag tag="M" />"
  />
</div>
`;

exports[`ApiComponents Components renders H5 component correctly 1`] = `
<div>
  <h5
    id="/test/"
  />
</div>
`;

exports[`ApiComponents Components renders JsonLink component correctly 1`] = `
<div>
  <div
    class="json"
  >
    <a
      href="https://nodejs.org/docs/latest-v18.x/api/cli.json"
    >
      <span>
        View as JSON
      </span>
      <svg
        aria-hidden="true"
        class="svg-inline--fa fa-robot "
        data-icon="robot"
        data-prefix="fas"
        focusable="false"
        role="img"
        viewBox="0 0 640 512"
        xmlns="http://www.w3.org/2000/svg"
      >
        <path
          d="M320 0c17.7 0 32 14.3 32 32V96H472c39.8 0 72 32.2 72 72V440c0 39.8-32.2 72-72 72H168c-39.8 0-72-32.2-72-72V168c0-39.8 32.2-72 72-72H288V32c0-17.7 14.3-32 32-32zM208 384c-8.8 0-16 7.2-16 16s7.2 16 16 16h32c8.8 0 16-7.2 16-16s-7.2-16-16-16H208zm96 0c-8.8 0-16 7.2-16 16s7.2 16 16 16h32c8.8 0 16-7.2 16-16s-7.2-16-16-16H304zm96 0c-8.8 0-16 7.2-16 16s7.2 16 16 16h32c8.8 0 16-7.2 16-16s-7.2-16-16-16H400zM264 256a40 40 0 1 0 -80 0 40 40 0 1 0 80 0zm152 40a40 40 0 1 0 0-80 40 40 0 1 0 0 80zM48 224H64V416H48c-26.5 0-48-21.5-48-48V272c0-26.5 21.5-48 48-48zm544 0c26.5 0 48 21.5 48 48v96c0 26.5-21.5 48-48 48H576V224h16z"
          fill="currentColor"
        />
      </svg>
    </a>
  </div>
</div>
`;
