// Jest Snapshot v1, https://goo.gl/fbAQLP

exports[`Blog Card component renders correctly 1`] = `
<div>
  <div
    class="blogCard"
  >
    <a
      class="title"
      href="/blog/2019/07/11/sample-blog"
    >
      Sample Test Blog
    </a>
    <h4>
      2019-07-11 23:40:56.77
    </h4>
    <p>
      by
       
      <span>
        Batman
      </span>
      
    </p>
  </div>
</div>
`;
