// Jest Snapshot v1, https://goo.gl/fbAQLP

exports[`SideNavBar renders correctly 1`] = `
<div>
  <nav
    class="side-nav-about"
  >
    <button
      class="side-nav__open"
      type="button"
    >
      Menu
    </button>
    <ul
      class="community-nav__list"
    >
      <li>
        <a
          class="t-body2 side-nav__item-community"
          href="/about/"
          id="link-about"
        >
          About
        </a>
      </li>
      <li>
        <a
          class="t-body2 side-nav__item-community"
          href="/community/"
          id="link-community"
        >
          Community
        </a>
      </li>
      <li>
        <a
          class="t-body2 side-nav__item-community"
          href="/download/package-manager/"
          id="link-download/package-manager"
        >
          Package Manager
        </a>
      </li>
      <li>
        <a
          class="t-body2 side-nav__item-community"
          href="/about/privacy/"
          id="link-about/privacy"
        >
          Privacy Policy
        </a>
      </li>
      <li>
        <a
          class="t-body2 side-nav__item-community"
          href="/about/governance/"
          id="link-about/governance"
        >
          Project Governance
        </a>
      </li>
      <li>
        <a
          class="t-body2 side-nav__item-community"
          href="/about/releases/"
          id="link-about/releases"
        >
          Releases
        </a>
      </li>
      <li>
        <a
          class="t-body2 side-nav__item-community"
          href="/resources/"
          id="link-resources"
        >
          Resources
        </a>
      </li>
      <li>
        <a
          class="t-body2 side-nav__item-community"
          href="/about/security/"
          id="link-about/security"
        >
          Security Reporting
        </a>
      </li>
      <li>
        <a
          aria-current="page"
          class="t-body2 side-nav__item-community side-nav__item-community--active"
          href="/about/trademark/"
          id="link-about/trademark"
        >
          Trademark Policy
        </a>
      </li>
      <li>
        <a
          class="t-body2 side-nav__item-community"
          href="/about/working-groups/"
          id="link-about/working-groups"
        >
          Working Groups
        </a>
      </li>
    </ul>
  </nav>
</div>
`;
