// Jest Snapshot v1, https://goo.gl/fbAQLP

exports[`RandomContributor component should render correctly 1`] = `
<div>
  <div
    class="random-contributor"
  >
    <div
      class="random-contributor__avatar"
    >
      <a
        href="profileUri_mock"
        rel="nofollow noopener noreferrer"
        target="_blank"
      >
        <img
          alt="Avatar of a Node.js contributor"
          src="avatarUri_mock"
        />
      </a>
    </div>
    <div
      class="random-contributor__thank"
    >
      <a
        href="profileUri_mock"
        rel="nofollow noopener noreferrer"
        target="_blank"
      >
        Thank you, login_mock  for being a Node.js contributor, with 0 contributions
      </a>
    </div>
  </div>
</div>
`;

exports[`RandomContributor component should render loading animation until data will be fetched 1`] = `
<div>
  <div
    class="random-contributor"
  >
    <div
      class="animatedPlaceholder"
    >
      <div
        class="animatedPlaceholderImage"
      />
      <div
        class="animatedPlaceholderText"
      >
        <div
          class="animatedPlaceholderTextLine"
        />
        <div
          class="animatedPlaceholderTextLine"
        />
        <div
          class="animatedPlaceholderTextLine"
        />
        <div
          class="animatedPlaceholderTextLine"
        />
      </div>
    </div>
  </div>
</div>
`;
