// Jest Snapshot v1, https://goo.gl/fbAQLP

exports[`TOC component renders correctly 1`] = `
<details
  className="toc"
>
  <summary>
    <h6>
      TABLE OF CONTENTS
    </h6>
  </summary>
  <div
    dangerouslySetInnerHTML={
      Object {
        "__html": "mock-toc",
      }
    }
  />
</details>
`;
