// Jest Snapshot v1, https://goo.gl/fbAQLP

exports[`Releases page renders correctly 1`] = `
<main
  class="grid-container"
>
  <nav
    class="sideNav"
  >
    <button
      class="sideNavOpen"
      type="button"
    >
      Menu
    </button>
    <div
      class="sideNavSection"
    >
      <a
        class="sideNavSectionTitle"
        href="/about/"
      >
        About Node.js
        <svg
          aria-hidden="true"
          class="MuiSvgIcon-root MuiSvgIcon-fontSizeMedium css-8rv7ug-MuiSvgIcon-root"
          data-testid="InfoIcon"
          focusable="false"
          viewBox="0 0 24 24"
        >
          <path
            d="M12 2C6.48 2 2 6.48 2 12s4.48 10 10 10 10-4.48 10-10S17.52 2 12 2zm1 15h-2v-6h2v6zm0-8h-2V7h2v2z"
          />
        </svg>
      </a>
      <a
        class="t-body2 navigationItem"
        href="/about/governance/"
      >
        Project Governance
      </a>
      <a
        aria-current="page"
        class="t-body2 navigationItem navigationItemActive"
        href="/about/releases/"
      >
        Releases
      </a>
      <a
        class="t-body2 navigationItem"
        href="/about/resources/"
      >
        Resources
      </a>
      <a
        class="t-body2 navigationItem"
        href="https://privacy-policy.openjsf.org/"
      >
        Privacy Policy
      </a>
      <a
        class="t-body2 navigationItem"
        href="/about/security/"
      >
        Security Reporting
      </a>
      <a
        class="sideNavSectionTitle"
        href="/get-involved/"
      >
        Get Involved
        <svg
          aria-hidden="true"
          class="MuiSvgIcon-root MuiSvgIcon-fontSizeMedium css-8rv7ug-MuiSvgIcon-root"
          data-testid="GroupsIcon"
          focusable="false"
          viewBox="0 0 24 24"
        >
          <path
            d="M12 12.75c1.63 0 3.07.39 4.24.9 1.08.48 1.76 1.56 1.76 2.73V18H6v-1.61c0-1.18.68-2.26 1.76-2.73 1.17-.52 2.61-.91 4.24-.91zM4 13c1.1 0 2-.9 2-2s-.9-2-2-2-2 .9-2 2 .9 2 2 2zm1.13 1.1c-.37-.06-.74-.1-1.13-.1-.99 0-1.93.21-2.78.58C.48 14.9 0 15.62 0 16.43V18h4.5v-1.61c0-.83.23-1.61.63-2.29zM20 13c1.1 0 2-.9 2-2s-.9-2-2-2-2 .9-2 2 .9 2 2 2zm4 3.43c0-.81-.48-1.53-1.22-1.85-.85-.37-1.79-.58-2.78-.58-.39 0-.76.04-1.13.1.4.68.63 1.46.63 2.29V18H24v-1.57zM12 6c1.66 0 3 1.34 3 3s-1.34 3-3 3-3-1.34-3-3 1.34-3 3-3z"
          />
        </svg>
      </a>
      <a
        class="t-body2 navigationItem"
        href="/get-involved/collab-summit"
      >
        Collab Summit
      </a>
      <a
        class="t-body2 navigationItem"
        href="/get-involved/contribute"
      >
        Contribute
      </a>
      <a
        class="t-body2 navigationItem"
        href="https://github.com/nodejs/node/blob/main/doc/contributing/code-of-conduct.md"
      >
        Code of Conduct
      </a>
      <a
        class="sideNavSectionTitle"
        href="/download/"
      >
        Download
        <svg
          aria-hidden="true"
          class="MuiSvgIcon-root MuiSvgIcon-fontSizeMedium css-8rv7ug-MuiSvgIcon-root"
          data-testid="CloudDownloadIcon"
          focusable="false"
          viewBox="0 0 24 24"
        >
          <path
            d="M19.35 10.04C18.67 6.59 15.64 4 12 4 9.11 4 6.6 5.64 5.35 8.04 2.34 8.36 0 10.91 0 14c0 3.31 2.69 6 6 6h13c2.76 0 5-2.24 5-5 0-2.64-2.05-4.78-4.65-4.96zM17 13l-5 5-5-5h3V9h4v4h3z"
          />
        </svg>
      </a>
      <a
        class="t-body2 navigationItem"
        href="/download/package-manager/"
      >
        Package Manager
      </a>
      <a
        class="t-body2 navigationItem"
        href="/download/releases/"
      >
        Previous Releases
      </a>
    </div>
  </nav>
  <article
    class="article"
  >
    <h1
      class="headline"
    >
      Mock Title
    </h1>
    <details
      class="tableOfContents"
    >
      <summary>
        <strong>
          Table of Contents
        </strong>
      </summary>
      <ul>
        <li>
          <a
            href="#mock-title"
          >
            mock-title
          </a>
        </li>
        <li>
          <a
            href="#mock-title-2"
          >
            mock-title-2
          </a>
        </li>
      </ul>
    </details>
    <div>
      <p>
        Node.js can be installed in different ways. This post highlights the most common and convenient ones.
      </p>
      <p>
        Official packages for all the major platforms are available at 
        <a>
          https://nodejs.dev/download/
        </a>
        .
      </p>
      <p>
        One very convenient way to install Node.js is through a package manager. In this case, every operating system has its own.
      </p>
      <p>
        Other package managers for MacOS, Linux, and Windows are listed in 
        <a>
          https://nodejs.dev/download/package-manager/
        </a>
      </p>
      <p>
        <code
          class="code"
        >
          nvm
        </code>
         is a popular way to run Node.js. It allows you to easily switch the Node.js version, and install new versions to try and easily rollback if something breaks, for example.
      </p>
      <p>
        It is also very useful to test your code with old Node.js versions.
      </p>
      <p>
        See 
        <a>
          https://github.com/nvm-sh/nvm
        </a>
         for more information about this option.
      </p>
      <p>
        In any case, when Node.js is installed you'll have access to the 
        <code
          class="code"
        >
          node
        </code>
         executable program in the command line.
      </p>
    </div>
    <div>
      <div
        class="downloadTableContainer"
      >
        <table>
          <thead>
            <tr>
              <th>
                Release
              </th>
              <th>
                Status
              </th>
              <th>
                Codename
              </th>
              <th>
                Initial Release
              </th>
              <th>
                Active LTS Start
              </th>
              <th>
                Maintenance LTS Start
              </th>
              <th>
                End of Life
              </th>
            </tr>
          </thead>
          <tbody>
            <tr>
              <td>
                <a
                  href="https://nodejs.org/download/release/latest-v12.x/"
                >
                  v12
                </a>
              </td>
              <td>
                Maintenance LTS
              </td>
              <td>
                <a
                  href="https://nodejs.org/download/release/latest-erbium/"
                >
                  erbium
                </a>
              </td>
              <td>
                2019-04-23
              </td>
              <td>
                2019-10-21
              </td>
              <td>
                2020-11-30
              </td>
              <td>
                2022-04-30
              </td>
            </tr>
            <tr>
              <td>
                <a
                  href="https://nodejs.org/download/release/latest-v14.x/"
                >
                  v14
                </a>
              </td>
              <td>
                Active LTS
              </td>
              <td>
                <a
                  href="https://nodejs.org/download/release/latest-fermium/"
                >
                  fermium
                </a>
              </td>
              <td>
                2020-04-21
              </td>
              <td>
                2020-10-17
              </td>
              <td>
                2021-10-19
              </td>
              <td>
                2023-04-30
              </td>
            </tr>
            <tr>
              <td>
                <a
                  href="https://nodejs.org/download/release/latest-v18.x/"
                >
                  v18
                </a>
              </td>
              <td>
                Current
              </td>
              <td />
              <td>
                2022-04-19
              </td>
              <td>
                2022-10-25
              </td>
              <td>
                2023-10-18
              </td>
              <td>
                2025-04-30
              </td>
            </tr>
          </tbody>
        </table>
      </div>
    </div>
    <div
      class="authorList"
    >
      Contributors
      <ul>
        <li>
          <a
            aria-label="author-mock Github - opens in new tab"
            class="link"
            href="https://github.com/author-mock"
            rel="noopener noreferrer"
            style="margin-left: 0px;"
            target="_blank"
          >
            <img
              alt=""
              src="https://github.com/author-mock.png?size=60"
            />
          </a>
        </li>
      </ul>
    </div>
    <div
      class="edit"
    >
      <a
        href="https://github.com/nodejs/nodejs.dev/edit/main/content/about/releases.en.md"
      >
        <span>
          Edit this page on GitHub
        </span>
        <svg
          aria-hidden="true"
          class="svg-inline--fa fa-pencil "
          data-icon="pencil"
          data-prefix="fas"
          focusable="false"
          role="img"
          viewBox="0 0 512 512"
          xmlns="http://www.w3.org/2000/svg"
        >
          <path
            d="M421.7 220.3l-11.3 11.3-22.6 22.6-205 205c-6.6 6.6-14.8 11.5-23.8 14.1L30.8 511c-8.4 2.5-17.5 .2-23.7-6.1S-1.5 489.7 1 481.2L38.7 353.1c2.6-9 7.5-17.2 14.1-23.8l205-205 22.6-22.6 11.3-11.3 33.9 33.9 62.1 62.1 33.9 33.9zM96 353.9l-9.3 9.3c-.9 .9-1.6 2.1-2 3.4l-25.3 86 86-25.3c1.3-.4 2.5-1.1 3.4-2l9.3-9.3H112c-8.8 0-16-7.2-16-16V353.9zM453.3 19.3l39.4 39.4c25 25 25 65.5 0 90.5l-14.5 14.5-22.6 22.6-11.3 11.3-33.9-33.9-62.1-62.1L314.3 67.7l11.3-11.3 22.6-22.6 14.5-14.5c25-25 65.5-25 90.5 0z"
            fill="currentColor"
          />
        </svg>
      </a>
    </div>
  </article>
</main>
`;
